// Jest Snapshot v1, https://goo.gl/fbAQLP

exports[`Countries List CountriesList component renders correctly 1`] = `
Object {
  "asFragment": [Function],
  "baseElement": <body>
    <div>
      <div
        class="countries_list_container"
      >
        <div
          class="countries_list_header"
        >
          <div
            class="countries_list_header_back"
          >
            <svg
              fill="currentColor"
              height="1em"
              stroke="currentColor"
              stroke-width="0"
              viewBox="0 0 320 512"
              width="1em"
              xmlns="http://www.w3.org/2000/svg"
            >
              <path
                d="M34.52 239.03L228.87 44.69c9.37-9.37 24.57-9.37 33.94 0l22.67 22.67c9.36 9.36 9.37 24.52.04 33.9L131.49 256l154.02 154.75c9.34 9.38 9.32 24.54-.04 33.9l-22.67 22.67c-9.37 9.37-24.57 9.37-33.94 0L34.52 272.97c-9.37-9.37-9.37-24.57 0-33.94z"
              />
            </svg>
            <span />
          </div>
          <span>
            All Stats
          </span>
          <div
            class="pick_date"
          >
            <form>
              <div
                class="d-flex justify-content-around form-group"
              >
                <div
                  class="react-datepicker-wrapper"
                >
                  <div
                    class="react-datepicker__input-container"
                  >
                    <input
                      class=""
                      name="startDate"
                      type="text"
                      value="2022-03-11"
                    />
                  </div>
                </div>
                <button
                  type="submit"
                >
                  <svg
                    fill="currentColor"
                    height="1em"
                    stroke="currentColor"
                    stroke-width="0"
                    viewBox="0 0 16 16"
                    width="1em"
                    xmlns="http://www.w3.org/2000/svg"
                  >
                    <path
                      d="M6.445 11.688V6.354h-.633A12.6 12.6 0 0 0 4.5 7.16v.695c.375-.257.969-.62 1.258-.777h.012v4.61h.675zm1.188-1.305c.047.64.594 1.406 1.703 1.406 1.258 0 2-1.066 2-2.871 0-1.934-.781-2.668-1.953-2.668-.926 0-1.797.672-1.797 1.809 0 1.16.824 1.77 1.676 1.77.746 0 1.23-.376 1.383-.79h.027c-.004 1.316-.461 2.164-1.305 2.164-.664 0-1.008-.45-1.05-.82h-.684zm2.953-2.317c0 .696-.559 1.18-1.184 1.18-.601 0-1.144-.383-1.144-1.2 0-.823.582-1.21 1.168-1.21.633 0 1.16.398 1.16 1.23z"
                    />
                    <path
                      d="M3.5 0a.5.5 0 0 1 .5.5V1h8V.5a.5.5 0 0 1 1 0V1h1a2 2 0 0 1 2 2v11a2 2 0 0 1-2 2H2a2 2 0 0 1-2-2V3a2 2 0 0 1 2-2h1V.5a.5.5 0 0 1 .5-.5zM1 4v10a1 1 0 0 0 1 1h12a1 1 0 0 0 1-1V4H1z"
                    />
                  </svg>
                </button>
              </div>
            </form>
          </div>
        </div>
        <div
          class="countries_list_hero"
        >
          <img
            alt="world map"
            src="world-map.png"
          />
          <div
            class="hero_text"
          >
            <h1>
              Global
            </h1>
            <span />
            <br />
            <span>
              cases
            </span>
          </div>
        </div>
        <div
          class="all_stats_divider"
        >
          <span>
            all stats - todate
          </span>
        </div>
        <div
          class="all_stats_detail"
        >
          <span>
            <b />
            <br />
            Confirmed
          </span>
          <span>
            <b />
            <br />
            Deaths
          </span>
          <span>
            <b />
            <br />
            Recovered
          </span>
          <span>
            <b />
            <br />
            Open Cases
          </span>
        </div>
        <div
          class="stats_by_country_divider"
        >
          <span>
            stats by country
          </span>
        </div>
        <ul
          class="countries_list"
        />
      </div>
    </div>
  </body>,
  "container": <div>
    <div
      class="countries_list_container"
    >
      <div
        class="countries_list_header"
      >
        <div
          class="countries_list_header_back"
        >
          <svg
            fill="currentColor"
            height="1em"
            stroke="currentColor"
            stroke-width="0"
            viewBox="0 0 320 512"
            width="1em"
            xmlns="http://www.w3.org/2000/svg"
          >
            <path
              d="M34.52 239.03L228.87 44.69c9.37-9.37 24.57-9.37 33.94 0l22.67 22.67c9.36 9.36 9.37 24.52.04 33.9L131.49 256l154.02 154.75c9.34 9.38 9.32 24.54-.04 33.9l-22.67 22.67c-9.37 9.37-24.57 9.37-33.94 0L34.52 272.97c-9.37-9.37-9.37-24.57 0-33.94z"
            />
          </svg>
          <span />
        </div>
        <span>
          All Stats
        </span>
        <div
          class="pick_date"
        >
          <form>
            <div
              class="d-flex justify-content-around form-group"
            >
              <div
                class="react-datepicker-wrapper"
              >
                <div
                  class="react-datepicker__input-container"
                >
                  <input
                    class=""
                    name="startDate"
                    type="text"
                    value="2022-03-11"
                  />
                </div>
              </div>
              <button
                type="submit"
              >
                <svg
                  fill="currentColor"
                  height="1em"
                  stroke="currentColor"
                  stroke-width="0"
                  viewBox="0 0 16 16"
                  width="1em"
                  xmlns="http://www.w3.org/2000/svg"
                >
                  <path
                    d="M6.445 11.688V6.354h-.633A12.6 12.6 0 0 0 4.5 7.16v.695c.375-.257.969-.62 1.258-.777h.012v4.61h.675zm1.188-1.305c.047.64.594 1.406 1.703 1.406 1.258 0 2-1.066 2-2.871 0-1.934-.781-2.668-1.953-2.668-.926 0-1.797.672-1.797 1.809 0 1.16.824 1.77 1.676 1.77.746 0 1.23-.376 1.383-.79h.027c-.004 1.316-.461 2.164-1.305 2.164-.664 0-1.008-.45-1.05-.82h-.684zm2.953-2.317c0 .696-.559 1.18-1.184 1.18-.601 0-1.144-.383-1.144-1.2 0-.823.582-1.21 1.168-1.21.633 0 1.16.398 1.16 1.23z"
                  />
                  <path
                    d="M3.5 0a.5.5 0 0 1 .5.5V1h8V.5a.5.5 0 0 1 1 0V1h1a2 2 0 0 1 2 2v11a2 2 0 0 1-2 2H2a2 2 0 0 1-2-2V3a2 2 0 0 1 2-2h1V.5a.5.5 0 0 1 .5-.5zM1 4v10a1 1 0 0 0 1 1h12a1 1 0 0 0 1-1V4H1z"
                  />
                </svg>
              </button>
            </div>
          </form>
        </div>
      </div>
      <div
        class="countries_list_hero"
      >
        <img
          alt="world map"
          src="world-map.png"
        />
        <div
          class="hero_text"
        >
          <h1>
            Global
          </h1>
          <span />
          <br />
          <span>
            cases
          </span>
        </div>
      </div>
      <div
        class="all_stats_divider"
      >
        <span>
          all stats - todate
        </span>
      </div>
      <div
        class="all_stats_detail"
      >
        <span>
          <b />
          <br />
          Confirmed
        </span>
        <span>
          <b />
          <br />
          Deaths
        </span>
        <span>
          <b />
          <br />
          Recovered
        </span>
        <span>
          <b />
          <br />
          Open Cases
        </span>
      </div>
      <div
        class="stats_by_country_divider"
      >
        <span>
          stats by country
        </span>
      </div>
      <ul
        class="countries_list"
      />
    </div>
  </div>,
  "debug": [Function],
  "findAllByAltText": [Function],
  "findAllByDisplayValue": [Function],
  "findAllByLabelText": [Function],
  "findAllByPlaceholderText": [Function],
  "findAllByRole": [Function],
  "findAllByTestId": [Function],
  "findAllByText": [Function],
  "findAllByTitle": [Function],
  "findByAltText": [Function],
  "findByDisplayValue": [Function],
  "findByLabelText": [Function],
  "findByPlaceholderText": [Function],
  "findByRole": [Function],
  "findByTestId": [Function],
  "findByText": [Function],
  "findByTitle": [Function],
  "getAllByAltText": [Function],
  "getAllByDisplayValue": [Function],
  "getAllByLabelText": [Function],
  "getAllByPlaceholderText": [Function],
  "getAllByRole": [Function],
  "getAllByTestId": [Function],
  "getAllByText": [Function],
  "getAllByTitle": [Function],
  "getByAltText": [Function],
  "getByDisplayValue": [Function],
  "getByLabelText": [Function],
  "getByPlaceholderText": [Function],
  "getByRole": [Function],
  "getByTestId": [Function],
  "getByText": [Function],
  "getByTitle": [Function],
  "queryAllByAltText": [Function],
  "queryAllByDisplayValue": [Function],
  "queryAllByLabelText": [Function],
  "queryAllByPlaceholderText": [Function],
  "queryAllByRole": [Function],
  "queryAllByTestId": [Function],
  "queryAllByText": [Function],
  "queryAllByTitle": [Function],
  "queryByAltText": [Function],
  "queryByDisplayValue": [Function],
  "queryByLabelText": [Function],
  "queryByPlaceholderText": [Function],
  "queryByRole": [Function],
  "queryByTestId": [Function],
  "queryByText": [Function],
  "queryByTitle": [Function],
  "rerender": [Function],
  "unmount": [Function],
}
`;
